// Jest Snapshot v1, https://goo.gl/fbAQLP

exports[`should render clock  1`] = `
<div>
  loading...
</div>
`;
